// Jest Snapshot v1, https://goo.gl/fbAQLP

exports[`Header renders without unexpected changes 1`] = `
<header
  className="transparent nohighlight"
>
  <div
    className="noselect canselect title"
    role="link"
  >
    <i
      className="icon ion-md-information-circle mr-2"
    />
    <span
      id="info"
    >
      info
    </span>
    <span
      id="dump"
    >
      dump
    </span>
  </div>
</header>
`;
